// Jest Snapshot v1, https://goo.gl/fbAQLP

exports[`subtree-resolver OpenAPI 3.1.0 strategy should not resolve an untargeted subtree 1`] = `
{
  "errors": [],
  "spec": {
    "$$normalized": true,
    "components": {
      "schemas": {
        "Error": {
          "properties": {
            "code": {
              "format": "int32",
              "type": "integer",
            },
            "message": {
              "type": "string",
            },
          },
          "required": [
            "code",
            "message",
          ],
          "type": "object",
        },
        "Pet": {
          "properties": {
            "id": {
              "format": "int64",
              "type": "integer",
            },
            "name": {
              "type": "string",
            },
            "tag": {
              "type": "string",
            },
          },
          "required": [
            "id",
            "name",
          ],
          "type": "object",
        },
        "Pets": {
          "items": {
            "$$ref": "https://swagger.io/#/components/schemas/Pet",
            "properties": {
              "id": {
                "format": "int64",
                "type": "integer",
              },
              "name": {
                "type": "string",
              },
              "tag": {
                "type": "string",
              },
            },
            "required": [
              "id",
              "name",
            ],
            "type": "object",
          },
          "maxItems": 100,
          "type": "array",
        },
      },
    },
    "info": {
      "license": {
        "name": "MIT",
      },
      "title": "Swagger Petstore",
      "version": "1.0.0",
    },
    "openapi": "3.1.0",
    "paths": {
      "/pets": {
        "get": {
          "operationId": "listPets",
          "parameters": [
            {
              "description": "How many items to return at one time (max 100)",
              "in": "query",
              "name": "limit",
              "required": false,
              "schema": {
                "format": "int32",
                "maximum": 100,
                "type": "integer",
              },
            },
          ],
          "responses": {
            "200": {
              "content": {
                "application/json": {
                  "schema": {
                    "$ref": "#/components/schemas/Pets",
                  },
                },
              },
              "description": "A paged array of pets",
              "headers": {
                "x-next": {
                  "description": "A link to the next page of responses",
                  "schema": {
                    "type": "string",
                  },
                },
              },
            },
            "default": {
              "content": {
                "application/json": {
                  "schema": {
                    "$ref": "#/components/schemas/Error",
                  },
                },
              },
              "description": "unexpected error",
            },
          },
          "servers": [
            {
              "url": "http://petstore.swagger.io/v1",
            },
          ],
          "summary": "List all pets",
          "tags": [
            "pets",
          ],
        },
        "post": {
          "operationId": "createPets",
          "responses": {
            "201": {
              "description": "Null response",
            },
            "default": {
              "content": {
                "application/json": {
                  "schema": {
                    "$ref": "#/components/schemas/Error",
                  },
                },
              },
              "description": "unexpected error",
            },
          },
          "servers": [
            {
              "url": "http://petstore.swagger.io/v1",
            },
          ],
          "summary": "Create a pet",
          "tags": [
            "pets",
          ],
        },
        "servers": [
          {
            "url": "http://petstore.swagger.io/v1",
          },
        ],
      },
      "/pets/{petId}": {
        "get": {
          "operationId": "showPetById",
          "parameters": [
            {
              "description": "The id of the pet to retrieve",
              "in": "path",
              "name": "petId",
              "required": true,
              "schema": {
                "type": "string",
              },
            },
          ],
          "responses": {
            "200": {
              "content": {
                "application/json": {
                  "schema": {
                    "$ref": "#/components/schemas/Pet",
                  },
                },
              },
              "description": "Expected response to a valid request",
            },
            "default": {
              "content": {
                "application/json": {
                  "schema": {
                    "$ref": "#/components/schemas/Error",
                  },
                },
              },
              "description": "unexpected error",
            },
          },
          "servers": [
            {
              "url": "http://petstore.swagger.io/v1",
            },
          ],
          "summary": "Info for a specific pet",
          "tags": [
            "pets",
          ],
        },
        "servers": [
          {
            "url": "http://petstore.swagger.io/v1",
          },
        ],
      },
    },
    "servers": [
      {
        "url": "http://petstore.swagger.io/v1",
      },
    ],
  },
}
`;

exports[`subtree-resolver OpenAPI 3.1.0 strategy should resolve a subtree of an object, and return the targeted subtree 1`] = `
{
  "errors": [],
  "spec": {
    "items": {
      "$$ref": "https://swagger.io/#/components/schemas/Pet",
      "properties": {
        "id": {
          "format": "int64",
          "type": "integer",
        },
        "name": {
          "type": "string",
        },
        "tag": {
          "type": "string",
        },
      },
      "required": [
        "id",
        "name",
      ],
      "type": "object",
    },
    "maxItems": 100,
    "type": "array",
  },
}
`;
